[40m[2J[40m [32C[0;1;31mMr. Happy[2H[33C[33m=========[3H [36mYou are Mr. Happy ([32m [D[36m)  and  you   eat Happy faces ([33m [D[36m).  The Object of the[4Hgame is   simply  to eat as many of these Happy faces  as  you  can  while
[5Havoiding [32mCRASHING [36minto the dangerous walls ([37m°[36m)!![6H[7H[9C[33m [D [31m= 10 points[8H[9H[9C[37m° [31m= Loss Of One life (You have three)[10H[11H[36mOnce you lose all your lives the game ends.  Mr. Happy scrolls slow[s
[uly up the[12Hscreen.  By Pressing the [31mG [36mand [31mH [36mkey , you can move left and right.[13H[14H  Special Note:[15H[16H   [33mRemember, this is an over the modem game so response is a bit sluggish.[17HThe best way to play the game[s
[u is to Tap the [31mG [33mand [31mH [33mkey only once until you[18Hsee the computer has responded by moving your man.  [32mDOÿNOT [33mhold your tap the[19Hkeys quicker than the baud rate can handle !![20H[21H[7C[35mHave Fun!!  [31m(Mr. H[s
[uappy and Dungeon Stompers...By [37mMARKÿLONGO[31m)[22H[23H[32mPRESSÿRETURN![0m
