14
                               ждддддддддддддддддддд╥
                               ╨ BOSS ON-LINE GAMES ╨
                               сдддддддддддддддддддд╫
11                        укмммммммммммммммммммммммммк╦
       Restricted to ддддд>Ё╨ [1] Dungeon Stompers    ╨Ё
       you           ддддд>Ё╨ [2] Mr. Happy           ╨Ё
                           тймммммммммммммммммммммммммй╬
14                           зддддддддддддддддддддд©
                              Ё [A] Dungeon Scores  Ё
                              юддддддддддддддддддддды
12                 зддддддддддддддддддддддддддддддддддддддддд©
                    Ё [M]ain Menu   [P]age Sysop   [G]ood Bye Ё
                    юддддддддддддддддддддддддддддддддддддддддды
10                       Command <On-Line>
