14
                              ึฤฤฤฤฤฤฤฤฤฤฤฤฤฤฤฤฤฤท
                              บ  BOSS MAIN MENU  บ
                              ำฤฤฤฤฤฤฤฤฤฤฤฤฤฤฤฤฤฤฝ
10                ีหออออออออออออออออออออออออออออออออออออออหธ
                   ณบ              [G]ood Bye              บณ
                   ิสออออออออออออออออออออออออออออออออออออออสพ
13                        ฺฤฤฤฤฤฤฤฤฤฤฤฤฤฤฤฤฤฤฤฤฤฤฤฤฟ
                           ณ T W I T    A C C E S S ณ
                           ภฤฤฤฤฤฤฤฤฤฤฤฤฤฤฤฤฤฤฤฤฤฤฤฤู
12                  Enter Command <Main Menu>
