
14                   имммммммммммммммммммммммм╩
                      ╨ THE BOSS MESSAGE AREAS ╨
                      хмммммммммммммммммммммммм╪
11
            зддддддддддддддддддддддддддддддддддддддддддддд©
            Ё [1] Town Center         [2]  Variety Show   Ё
            Ё [3] Dungeon Stompers    [4]  Strange StoriesЁ
            Ё [5] Gossip              [6]  Boss Base      Ё
            Ё [7] Quick Basic         [8]  Music          Ё
            Ё [9] Sports Talk         [A]  New Products   Ё
            Ё [B] Humour              [C]  Announcements  Ё
            Ё [D] Fantasy                                 Ё
            юддддддддддддддддддддддддддддддддддддддддддддды
12         зддддддддддддддддддддддддддддддддддддддддддддд©
            Ё [G]ood-Bye              [P]age SysOp        Ё
            Ё [M]ain Menu                                 Ё
            юддддддддддддддддддддддддддддддддддддддддддддды

14              Enter Message Command
