14
                                  ึฤฤฤฤฤฤฤฤฤฤฤฤท
                                  บ SYSOP AREA บ
                                  ำฤฤฤฤฤฤฤฤฤฤฤฤฝ
13                        ฺฤฤฤฤฤฤฤฤฤฤฤฤฤฤฤฤฤฤฤฤฤฤฤฤฤฤฟ
                           ณ Private SysOp Conference ณ
                           ภฤฤฤฤฤฤฤฤฤฤฤฤฤฤฤฤฤฤฤฤฤฤฤฤฤฤู
11                ีหออออออออออออออออออออออออออออออออออออออหธ
                   ณบ [R]ead Messages      [W]rite Message บณ
                   ณบ [S]can Messages      [Q]wik Scan     บณ
                   ณบ [<] Last Base                        บณ
                   ิสออออออออออออออออออออออออออออออออออออออสพ
12                  ฺฤฤฤฤฤฤฤฤฤฤฤฤฤฤฤฤฤฤฤฤฤฤฤฤฤฤฤฤฤฤฤฤฤฤฤฤฟ
                     ณ [M]ain Menu           [P]age SysOp ณ
                     ณ [-] Previous Menu     [G]ood Bye   ณ
                     ภฤฤฤฤฤฤฤฤฤฤฤฤฤฤฤฤฤฤฤฤฤฤฤฤฤฤฤฤฤฤฤฤฤฤฤฤู
10                       Command <SysOp>
