14
                             ÖÄÄÄÄÄÄÄÄÄÄÄÄÄÄÄÄÄÄÄ·
                             º WINDOWS UTILITIES º
                             ÓÄÄÄÄÄÄÄÄÄÄÄÄÄÄÄÄÄÄÄ½
11   Restricted    ÕËÍÍÍÍÍÍÍÍÍÍÍÍÍÍÍÍÍÍÍÍÍÍÍÍÍÍÍÍÍÍÍÍÍÍÍË¸
      to            ³º [L]ist Files       [F]ind Files   º³
      you ÄÄÄÄÄÄÄÄ> ³º [D]ownload Files   [U]pload Files º³
                    ³º [<] Previous Area  [N]ew Files    º³
                    ÔÊÍÍÍÍÍÍÍÍÍÍÍÍÍÍÍÍÍÍÍÍÍÍÍÍÍÍÍÍÍÍÍÍÍÍÍÊ¾
12              ÚÄÄÄÄÄÄÄÄÄÄÄÄÄÄÄÄÄÄÄÄÄÄÄÄÄÄÄÄÄÄÄÄÄÄÄÄÄÄÄÄÄÄÄ¿
                 ³ [P]age Sysop               [M]ain Menu    ³
                 ³ [-] Previous Menu          [G]ood Bye     ³
                 ÀÄÄÄÄÄÄÄÄÄÄÄÄÄÄÄÄÄÄÄÄÄÄÄÄÄÄÄÄÄÄÄÄÄÄÄÄÄÄÄÄÄÄÄÙ
10                     Command <Windows>
