14
                             ึฤฤฤฤฤฤฤฤฤฤฤฤฤฤฤฤฤฤฤฤท
                             บ EDITING USER STATS บ
                             ำฤฤฤฤฤฤฤฤฤฤฤฤฤฤฤฤฤฤฤฤฝ
11                       ีหออออออออออออออออออออออออหธ
                          ณบ [1] Clear Screen       บณ
                          ณบ [2] Ansi Graphics      บณ
                          ณบ [3] Password Change    บณ
                          ณบ [4] City and Province  บณ
                          ณบ [5] Data Phone         บณ
                          ณบ [6] Voice Phone        บณ
                          ณบ [7] Birth Date         บณ
                          ณบ [8] Screen Length      บณ
                          ิสออออออออออออออออออออออออสพ
12               ฺฤฤฤฤฤฤฤฤฤฤฤฤฤฤฤฤฤฤฤฤฤฤฤฤฤฤฤฤฤฤฤฤฤฤฤฤฤฤฤฤฤฤฟ
                  ณ [M]ain Menu    [P]age Sysop   [G]ood Bye ณ
                  ภฤฤฤฤฤฤฤฤฤฤฤฤฤฤฤฤฤฤฤฤฤฤฤฤฤฤฤฤฤฤฤฤฤฤฤฤฤฤฤฤฤฤู
14                       Command <Stats>
