14
                            ึฤฤฤฤฤฤฤฤฤฤฤฤฤฤฤฤฤฤฤฤฤท
                            บ BOSS BULLETIN BOARD บ
                            ำฤฤฤฤฤฤฤฤฤฤฤฤฤฤฤฤฤฤฤฤฤฝ
10             ฺฤฤฤฤฤฤฤฤฤฤฤฤฤฤฤฤฤฤฤฤฤฤฤฤฤฤฤฤฤฤฤฤฤฤฤฤฤฤฤฤฤฤฤฤฟ
		ณ      Please read bulletin number one.      ณ
		ณ  Leave a [C]omment requesting validation.  ณ
		ณ You will not be validated unless you do so ณ
		ภฤฤฤฤฤฤฤฤฤฤฤฤฤฤฤฤฤฤฤฤฤฤฤฤฤฤฤฤฤฤฤฤฤฤฤฤฤฤฤฤฤฤฤฤู
11               ีหออออออออออออออออออออออออออออออออออออออหธ
                  ณบ  [P]age Sysop          [A]lter Stats บณ
                  ณบ  [C]omment To SysOp    [U]ser Stats  บณ
                  ณบ  [B]ulletins           [G]ood Bye    บณ
                  ิสออออออออออออออออออออออออออออออออออออออสพ
15                  ฺฤฤฤฤฤฤฤฤฤฤฤฤฤฤฤฤฤฤฤฤฤฤฤฤฤฤฤฤฤฤฤฤฤฤฟ
                     ณ  N E W    U S E R    A C C E S S ณ
                     ภฤฤฤฤฤฤฤฤฤฤฤฤฤฤฤฤฤฤฤฤฤฤฤฤฤฤฤฤฤฤฤฤฤฤู
12                   Command <Main Menu>
