10
                               ึฤฤฤฤฤฤฤฤฤฤฤฤฤฤท
                               บ LOG OFF MENU บ
                               ำฤฤฤฤฤฤฤฤฤฤฤฤฤฤฝ
11                ีหออออออออออออออออออออออออออออออออออออหธ
                   ณบ [M]ain Menu           [P]age Sysop บณ
                   ณบ [C]omment To SysOp    [G]ood Bye!! บณ
                   ิสออออออออออออออออออออออออออออออออออออสพ
12                    Command <Log Off>
