14
                                  ึฤฤฤฤฤฤฤฤฤฤฤท
                                  บ BOOK TALK บ
                                  ำฤฤฤฤฤฤฤฤฤฤฤฝ
11                ีหออออออออออออออออออออออออออออออออออออออหธ
                   ณบ [R]ead Messages      [W]rite Message บณ
                   ณบ [S]can Messages      [Q]wik Scan     บณ
                   ณบ [<] Last Base        [>] Next Base   บณ
                   ิสออออออออออออออออออออออออออออออออออออออสพ
12                  ฺฤฤฤฤฤฤฤฤฤฤฤฤฤฤฤฤฤฤฤฤฤฤฤฤฤฤฤฤฤฤฤฤฤฤฤฤฟ
                     ณ [M]ain Menu           [P]age SysOp ณ
                     ณ [-] Previous Menu     [G]ood Bye   ณ
                     ภฤฤฤฤฤฤฤฤฤฤฤฤฤฤฤฤฤฤฤฤฤฤฤฤฤฤฤฤฤฤฤฤฤฤฤฤู
10                      Command <Books>
