10
                               ึฤฤฤฤฤฤฤฤฤฤฤฤฤฤท
                               บ LOG OFF MENU บ
                               ำฤฤฤฤฤฤฤฤฤฤฤฤฤฤฝ
11                ีหออออออออออออออออออออออออออออออออออออหธ
                   ณบ             [G]ood Bye             บณ
                   ิสออออออออออออออออออออออออออออออออออออสพ
12                    Command <Log Off>
