10
                                  ÉÍÍÍÍÍÍ»
                                  º BOSS º
                                  ÈÍÍÍÍÍÍ¼
14              ÚÄÄÄÄÄÄÄÄÄÄÄÄÄÄÄÄÄÄÄÄÄÄÄÄÄÄÄÄÄÄÄÄÄÄÄÄÄÄÄÄ¿
                 ³ [R]ead Messages       [W]rite Messages ³
                 ³                                        ³
                 ³ [S]can Messages       [Q]uick Scan     ³
                 ³                                        ³
                 ³ [<] Last Base         [>] Next Base    ³
                 ÀÄÄÄÄÄÄÄÄÄÄÄÄÄÄÄÄÄÄÄÄÄÄÄÄÄÄÄÄÄÄÄÄÄÄÄÄÄÄÄÄÙ
12              ÚÄÄÄÄÄÄÄÄÄÄÄÄÄÄÄÄÄÄÄÄÄÄÄÄÄÄÄÄÄÄÄÄÄÄÄÄÄÄÄÄ¿
                 ³ [M]ain Menu           [P]age SysOp     ³
                 ³                                        ³
                 ³ [-] Previous Menu     [G]ood bye       ³
                 ÀÄÄÄÄÄÄÄÄÄÄÄÄÄÄÄÄÄÄÄÄÄÄÄÄÄÄÄÄÄÄÄÄÄÄÄÄÄÄÄÄÙ

11                Enter Message Command
