14
                             ึฤฤฤฤฤฤฤฤฤฤฤฤฤฤฤฤฤฤฤฤฤท
                             บ THE BOSS FILE AREAS บ
                             ำฤฤฤฤฤฤฤฤฤฤฤฤฤฤฤฤฤฤฤฤฤฝ
11           ีหอออออออออออออออออออออออออออออออออออออออออออออออหธ
              ณบ [1] Dungeon Stompers   [2] IBM Games          บณ
              ณบ [3] IBM Utilities      [4] IBM Communications บณ
              ณบ [5] Programming        [6] Windows Utilities  บณ
              ิสอออออออออออออออออออออออออออออออออออออออออออออออสพ
10            ฺฤฤฤฤฤฤฤฤฤฤฤฤฤฤฤฤฤฤฤฤฤฤฤฤฤฤฤฤฤฤฤฤฤฤฤฤฤฤฤฤฤฤฤฤฤฤฤฟ
               ณ [P]age SysOp       [M]ain Menu     [G]ood Bye ณ
               ภฤฤฤฤฤฤฤฤฤฤฤฤฤฤฤฤฤฤฤฤฤฤฤฤฤฤฤฤฤฤฤฤฤฤฤฤฤฤฤฤฤฤฤฤฤฤฤู
12                      Command <File>
