10
                        ษอออออออออออออออออออออออป
                        บ  BOSS BULLETIN BOARD  บ
                        ศอออออออออออออออออออออออผ

14              ----=====  [Validated User]  =====----

11             ฺฤฤฤฤฤฤฤฤฤฤฤฤฤฤฤฤฤฤฤฤฤฤฤฤฤฤฤฤฤฤฤฤฤฤฤฤฤฤฤฟ
                ณ [M]essage Area        [P]age Sysop    ณ
                ณ [C]omment To SysOp    [U]ser Stats    ณ
                ณ [A]lter Stats         [B]ulletins     ณ
                ณ [L]ist Users          [O]n-Line Games ณ
                ณ [F]ile Areas          [G]ood Bye!     ณ
                ณ [Y] Ansi Chat         [Q]wik bbs list ณ
                ภฤฤฤฤฤฤฤฤฤฤฤฤฤฤฤฤฤฤฤฤฤฤฤฤฤฤฤฤฤฤฤฤฤฤฤฤฤฤฤู

13                     Your SysOp is Mark Longo

12              Enter Command <Main Menu>
