10
                              имммммммммммммм╩
                              ╨ VARIETY SHOW ╨
                              хмммммммммммммм╪
14              здддддддддддддддддддддддддддддддддддддддд©
                 Ё [R]ead Messages       [W]rite Messages Ё
                 Ё                                        Ё
                 Ё [S]can Messages       [Q]uick Scan     Ё
                 Ё                                        Ё
                 Ё [<] Last Base         [>] Next Base    Ё
                 юдддддддддддддддддддддддддддддддддддддддды
12              здддддддддддддддддддддддддддддддддддддддд©
                 Ё [M]ain Menu           [P]age SysOp     Ё
                 Ё                                        Ё
                 Ё [-] Previous Menu     [G]ood bye       Ё
                 юдддддддддддддддддддддддддддддддддддддддды

11                Enter Message Command
