14
                             ึฤฤฤฤฤฤฤฤฤฤฤฤฤฤฤฤฤฤฤท
                             บ WINDOWS UTILITIES บ
                             ำฤฤฤฤฤฤฤฤฤฤฤฤฤฤฤฤฤฤฤฝ
11                 ีหอออออออออออออออออออออออออออออออออออหธ
                    ณบ [L]ist Files       [F]ind Files   บณ
                    ณบ [D]ownload Files   [U]pload Files บณ
                    ณบ [<] Previous Area  [N]ew Files    บณ
                    ิสอออออออออออออออออออออออออออออออออออสพ
12              ฺฤฤฤฤฤฤฤฤฤฤฤฤฤฤฤฤฤฤฤฤฤฤฤฤฤฤฤฤฤฤฤฤฤฤฤฤฤฤฤฤฤฤฤฟ
                 ณ [P]age Sysop               [M]ain Menu    ณ
                 ณ [-] Previous Menu          [G]ood Bye     ณ
                 ภฤฤฤฤฤฤฤฤฤฤฤฤฤฤฤฤฤฤฤฤฤฤฤฤฤฤฤฤฤฤฤฤฤฤฤฤฤฤฤฤฤฤฤู
10                     Command <Windows>
