14
                                    ึฤฤฤฤฤฤฤท
                                    บ ADULT บ
                                    ำฤฤฤฤฤฤฤฝ
13            ฺฤฤฤฤฤฤฤฤฤฤฤฤฤฤฤฤฤฤฤฤฤฤฤฤฤฤฤฤฤฤฤฤฤฤฤฤฤฤฤฤฤฤฤฤฤฤฤฤฤฟ
               ณ Adult Conference for users over 18 years of age ณ
               ภฤฤฤฤฤฤฤฤฤฤฤฤฤฤฤฤฤฤฤฤฤฤฤฤฤฤฤฤฤฤฤฤฤฤฤฤฤฤฤฤฤฤฤฤฤฤฤฤฤู
11                ีหออออออออออออออออออออออออออออออออออออออหธ
                   ณบ [R]ead Messages      [W]rite Message บณ
                   ณบ [S]can Messages      [Q]wik Scan     บณ
                   ณบ [<] Last Base                        บณ
                   ิสออออออออออออออออออออออออออออออออออออออสพ
12                  ฺฤฤฤฤฤฤฤฤฤฤฤฤฤฤฤฤฤฤฤฤฤฤฤฤฤฤฤฤฤฤฤฤฤฤฤฤฟ
                     ณ [M]ain Menu           [P]age SysOp ณ
                     ณ [-] Previous Menu     [G]ood Bye   ณ
                     ภฤฤฤฤฤฤฤฤฤฤฤฤฤฤฤฤฤฤฤฤฤฤฤฤฤฤฤฤฤฤฤฤฤฤฤฤู
10                      Command <Adult>
