[40m[2J[0;1;36mÜÜÜÜÜÜÜÜÜÜÜÜÜÜÜÜÜÜÜÜ[31mÖÒ··[36mÜÜÜÜÜÜÜ[31mÒÄ·[36mÜÜÜ[31mÖ[36mÜÜ[31m·[36mÜÜÜÜÜÜÜÜÜÜ[31mÒÄ·ÒÄ·ÖÄ·[36mÜÜÜÜÜÜÜÜÜÜÜÜÜÜÜÜÜÜÜÜ[34mÜÜÜÜÜÜÜÜÜÜÜÜÜÜÜÜÜÜÜÜÜ[31mº[34mÜ[31mº[34mÜÜÜÜÜÜÜ[31mº[34mÜ[31mº[34mÜÜÜ[31mº[34mÜ[31mÄ×Ä[s
[u[34mÜÜÜÜÜÜÜÜÜ[31mº[34mÜ[31mºº[34mÜ[31mºº[34mÜÜÜÜÜÜÜÜÜÜÜÜÜÜÜÜÜÜÜÜÜÜÜÜÜÜÜÜÜÜÜÜÜÜÜÜÜÜÜÜÜÜÜ[31mº[34mÜ[31mÇ·Ö·[34mÜÜÜÜ[31m×Ä¶Ö·Ö¶Ö·ºÖ·Ò·Ö·[34mÜÜÜÜ[31mÇÄ¶ÇÄ¶ÓÄ·[34mÜÜÜÜÜÜÜÜÜÜÜÜÜÜÜÜÜÜÜÜ[0;36mÜÜÜÜÜÜÜÜÜÜÜÜÜÜÜÜÜÜÜÜÜ[1;31mº[0;36mÜ[1;31mººÇ½[s
[u[0;36mÜÜÜÜ[1;31mº[0;36mÜ[1;31mºÇ½ººÓ·ºººººÇ½[0;36mÜÜÜÜ[1;31mº[0;36mÜ[1;31mºº[0;36mÜ[1;31mº[0;36mÜÜ[1;31mº[0;36mÜÜÜÜÜÜÜÜÜÜÜÜÜÜÜÜÜÜÜÜÄÄÄÄÄÄÄÄÄÄÄÄÄÄÄÄÄÄÄÄÄ[1;31mÐ[0;36mÄ[1;31mÐÓÓÄ[0;36mÄÄÄÄ[1;31mÐ[0;36mÄ[1;31mºÓÄÓÐÓ½ÓÓ½ÐÓÓÄ[0;36mÄÄ[s
[uÄÄ[1;31mÐÄ½ÐÄ½ÓÄÐ[0;36mÄÄÄÄÄÄÄÄÄÄÄÄÄÄÄÄÄÄÄÄ[33C[1;31mÓÄ[7H[34mÍÍÍÍÍÍÍÍÍÍÍÍÍÍÍ[ [33mCanadian SuperBBS and HysteriaWare Support Site [34m]ÍÍÍÍÍÍÍÍÍÍÍÍÍÍ[0;34mÚÄÄÄÄÄÄÄÄÄÄÄÄÄÄÄÄÄÄÄÄÄÄÄÄÄÄÄÄÄÄÄÄÄÄÄÄÄ¿  ÚÄÄÄÄÄÄÄÄÄÄÄÄÄÄÄÄÄÄÄÄÄÄÄÄÄÄÄÄÄÄÄÄÄÄÄÄÄ¿³ [s
[u[1;36mThe Redstone BBS - FidoNet 221/185  [0;34m³  ³   [1;36mLocal and International FidoNet   [0;34m³³    [1;36mSysOps: Alan Shi & Darren Wong   [0;34m³  ³ [1;36mechomail. Many on-line games, and   [0;34m³³  [1;36mSuperBBS and HysteriaWare[s
[u Support  [0;34m³  ³ [1;36mtime games. Large file areas. Call  [0;34m³³    [1;36mSuperBBS beta / D'Bridge v1.30   [0;34m³  ³    [1;36mBack Verifier. Much Much More!   [0;34m³³   [1;36m300/1200/2400/9600/14400/HST bps  [0;34m³  ³[12C[1;36m[s
[u(519)742-7549[12C[0;34m³ÀÄÄÄÄÄÄÄÄÄÄÄÄÄÄÄÄÄÄÄÄÄÄÄÄÄÄÄÄÄÄÄÄÄÄÄÄÄÙ  ÀÄÄÄÄÄÄÄÄÄÄÄÄÄÄÄÄÄÄÄÄÄÄÄÄÄÄÄÄÄÄÄÄÄÄÄÄÄÙ[1mÍÍÍÍÍÍÍÍÍÍÍÍÍÍÍ[ [33mCanadian SuperBBS and HysteriaWare Support Site [34m]ÍÍÍÍÍÍÍÍÍÍÍÍÍÍ
