[40m[2J[2H[3H[5C[0;1mпплпп[4H[7Cл л  л[5H[7Cп лппл лппп[7C[34mмлллллллл  мллллллп  мллллллп оллллллллм[6H[9C[37mп  п лпп[8C[34mлллл лллл  ллллл[5Cллллл    оллл  олллн[7H[14C[37mпппп[7C[34mллллллллм  ллллллл   ллллллл  оллллллллл
[8H[25Cлллл лллл  ллллл[5Cллллл    оллн оллм[9H[25Cпллллллп   пллллллм  пллллллм олл   оллм[10H    [0;33mмллллллллллллллллллллм[11H    лл о о о о о о о о  лл   [1;34mоллл   ллл  мллллллп  млллллллн[12H    [0;33mлл о[5C[1;34mў[37m24[34mў [s
[u   [0;33mо  лл    [1;34mллн  мллн  ллллл[5Cлллн[13H    [0;33mлл о о о о о о о о  лл    [1;34mллллллл    ллллллл   лллн ммм[14H    [0;33mлл о[1;34mў[37mHours A Day[34mў[0;33mо  лл    [1;34mллн пллл   ллллл[5Cлллн оллл[15H    [0;33mлл [s
[uо о о о о о о о  лл   [1;34mоллл  пллл  пллллллм  плллллллп[16H    [0;33mлл о[5C[1;34mў[37m&[34mў[5C[0;33mо  лл[35C[34mФФ[1mФФ[36mФФ[37mФФФ[36mФФ[34mФФ[0;34mФФ[17H    [33mлл о о о о о о о о  лл[12C[1;34mЭЭ F I L L ЭЭ[10C[37mE [s
[uC H O M A I L[18H    [0;33mлл о[5C[1;34mў[37m7[34mў[5C[0;33mо  лл   [1m-    [34mЭЭ Y O U R S E L F ЭЭ[7C[36mONLINE GAMEZ[19H    [0;33mлл о о о о о о о о  лл [1mo   o[33C[34mFILEZ[20H    [0;33mлл о    [1;34mў[37mDayz[34mў   [s
[u[0;33mо  ллн  [1mo  -[28C[0;34mФФ[1mФФ[36mФФ[37mФФФ[36mФФ[34mФФ[0;34mФФ[21H    [33mлл о о о о о о о о  ллл Т  [1mo[22H  ББ[0;33mлл о   [1;34mў[37mA Week[34mў  [0;33mо  лллллн[1mББББББББББББББББББББББББББББББББББББББББББББББББ
[23H  лл[0;33mлл о о о о о о о о  ллл[1mл[0;33mп[1mллллллллллллллллллллллллллллллллллллллллллллллллл[0m
